Archive member included to satisfy reference by file (symbol)

c:/program files (x86)/gnu tools arm embedded/5.2 2015q4/bin/../lib/gcc/arm-none-eabi/5.2.1/../../../../arm-none-eabi/lib/armv7-m\libg.a(lib_a-itoa.o)
                              ..\obj\main.o (itoa)
c:/program files (x86)/gnu tools arm embedded/5.2 2015q4/bin/../lib/gcc/arm-none-eabi/5.2.1/../../../../arm-none-eabi/lib/armv7-m\libg.a(lib_a-printf.o)
                              ..\obj\USART_Print.o (printf)
c:/program files (x86)/gnu tools arm embedded/5.2 2015q4/bin/../lib/gcc/arm-none-eabi/5.2.1/../../../../arm-none-eabi/lib/armv7-m\libg.a(lib_a-strlen-stub.o)
                              ..\obj\main.o (strlen)
c:/program files (x86)/gnu tools arm embedded/5.2 2015q4/bin/../lib/gcc/arm-none-eabi/5.2.1/../../../../arm-none-eabi/lib/armv7-m\libg.a(lib_a-utoa.o)
                              c:/program files (x86)/gnu tools arm embedded/5.2 2015q4/bin/../lib/gcc/arm-none-eabi/5.2.1/../../../../arm-none-eabi/lib/armv7-m\libg.a(lib_a-itoa.o) (__utoa)
c:/program files (x86)/gnu tools arm embedded/5.2 2015q4/bin/../lib/gcc/arm-none-eabi/5.2.1/../../../../arm-none-eabi/lib/armv7-m\libg.a(lib_a-vfprintf.o)
                              c:/program files (x86)/gnu tools arm embedded/5.2 2015q4/bin/../lib/gcc/arm-none-eabi/5.2.1/../../../../arm-none-eabi/lib/armv7-m\libg.a(lib_a-printf.o) (_vfprintf_r)
c:/program files (x86)/gnu tools arm embedded/5.2 2015q4/bin/../lib/gcc/arm-none-eabi/5.2.1/../../../../arm-none-eabi/lib/armv7-m\libg.a(lib_a-wsetup.o)
                              c:/program files (x86)/gnu tools arm embedded/5.2 2015q4/bin/../lib/gcc/arm-none-eabi/5.2.1/../../../../arm-none-eabi/lib/armv7-m\libg.a(lib_a-vfprintf.o) (__swsetup_r)
c:/program files (x86)/gnu tools arm embedded/5.2 2015q4/bin/../lib/gcc/arm-none-eabi/5.2.1/../../../../arm-none-eabi/lib/armv7-m\libg.a(lib_a-dtoa.o)
                              c:/program files (x86)/gnu tools arm embedded/5.2 2015q4/bin/../lib/gcc/arm-none-eabi/5.2.1/../../../../arm-none-eabi/lib/armv7-m\libg.a(lib_a-vfprintf.o) (_dtoa_r)
c:/program files (x86)/gnu tools arm embedded/5.2 2015q4/bin/../lib/gcc/arm-none-eabi/5.2.1/../../../../arm-none-eabi/lib/armv7-m\libg.a(lib_a-fflush.o)
                              c:/program files (x86)/gnu tools arm embedded/5.2 2015q4/bin/../lib/gcc/arm-none-eabi/5.2.1/../../../../arm-none-eabi/lib/armv7-m\libg.a(lib_a-vfprintf.o) (_fflush_r)
c:/program files (x86)/gnu tools arm embedded/5.2 2015q4/bin/../lib/gcc/arm-none-eabi/5.2.1/../../../../arm-none-eabi/lib/armv7-m\libg.a(lib_a-findfp.o)
                              c:/program files (x86)/gnu tools arm embedded/5.2 2015q4/bin/../lib/gcc/arm-none-eabi/5.2.1/../../../../arm-none-eabi/lib/armv7-m\libg.a(lib_a-vfprintf.o) (__sinit)
c:/program files (x86)/gnu tools arm embedded/5.2 2015q4/bin/../lib/gcc/arm-none-eabi/5.2.1/../../../../arm-none-eabi/lib/armv7-m\libg.a(lib_a-freer.o)
                              c:/program files (x86)/gnu tools arm embedded/5.2 2015q4/bin/../lib/gcc/arm-none-eabi/5.2.1/../../../../arm-none-eabi/lib/armv7-m\libg.a(lib_a-wsetup.o) (_free_r)
c:/program files (x86)/gnu tools arm embedded/5.2 2015q4/bin/../lib/gcc/arm-none-eabi/5.2.1/../../../../arm-none-eabi/lib/armv7-m\libg.a(lib_a-fwalk.o)
                              c:/program files (x86)/gnu tools arm embedded/5.2 2015q4/bin/../lib/gcc/arm-none-eabi/5.2.1/../../../../arm-none-eabi/lib/armv7-m\libg.a(lib_a-findfp.o) (_fwalk)
c:/program files (x86)/gnu tools arm embedded/5.2 2015q4/bin/../lib/gcc/arm-none-eabi/5.2.1/../../../../arm-none-eabi/lib/armv7-m\libg.a(lib_a-impure.o)
                              c:/program files (x86)/gnu tools arm embedded/5.2 2015q4/bin/../lib/gcc/arm-none-eabi/5.2.1/../../../../arm-none-eabi/lib/armv7-m\libg.a(lib_a-fflush.o) (_global_impure_ptr)
c:/program files (x86)/gnu tools arm embedded/5.2 2015q4/bin/../lib/gcc/arm-none-eabi/5.2.1/../../../../arm-none-eabi/lib/armv7-m\libg.a(lib_a-locale.o)
                              c:/program files (x86)/gnu tools arm embedded/5.2 2015q4/bin/../lib/gcc/arm-none-eabi/5.2.1/../../../../arm-none-eabi/lib/armv7-m\libg.a(lib_a-vfprintf.o) (_localeconv_r)
c:/program files (x86)/gnu tools arm embedded/5.2 2015q4/bin/../lib/gcc/arm-none-eabi/5.2.1/../../../../arm-none-eabi/lib/armv7-m\libg.a(lib_a-makebuf.o)
                              c:/program files (x86)/gnu tools arm embedded/5.2 2015q4/bin/../lib/gcc/arm-none-eabi/5.2.1/../../../../arm-none-eabi/lib/armv7-m\libg.a(lib_a-wsetup.o) (__smakebuf_r)
c:/program files (x86)/gnu tools arm embedded/5.2 2015q4/bin/../lib/gcc/arm-none-eabi/5.2.1/../../../../arm-none-eabi/lib/armv7-m\libg.a(lib_a-mallocr.o)
                              c:/program files (x86)/gnu tools arm embedded/5.2 2015q4/bin/../lib/gcc/arm-none-eabi/5.2.1/../../../../arm-none-eabi/lib/armv7-m\libg.a(lib_a-findfp.o) (_malloc_r)
[...]
Memory Configuration

Name             Origin             Length             Attributes
rom              0x08000000         0x00020000         xr
ram              0x20000000         0x00005000         xrw
*default*        0x00000000         0xffffffff

Linker script and memory map

                0x20005000                _eram = 0x20005000

.text           0x08000000      0xd15
 *(.isr_vector)
 .isr_vector    0x08000000      0x10c ..\obj\startup_stm32f10x_md.o
                0x08000000                g_pfnVectors
 *(.text*)
 .text.SystemInit
                0x0800010c       0x68 ..\obj\system_stm32f10x.o
                0x0800010c                SystemInit
 .text.SetSysClock
                0x08000174        0xc ..\obj\system_stm32f10x.o
 .text.SetSysClockTo72
                0x08000180      0x100 ..\obj\system_stm32f10x.o
 .text.Default_Reset_Handler
                0x08000280       0x60 ..\obj\startup_stm32f10x_md.o
                0x08000280                Default_Reset_Handler
                0x08000280                Reset_Handler
 .text.Default_Handler
                0x080002e0        0x8 ..\obj\startup_stm32f10x_md.o
                0x080002e0                EXTI2_IRQHandler
                0x080002e0                DebugMon_Handler
                0x080002e0                TIM1_CC_IRQHandler
                0x080002e0                HardFault_Handler
                0x080002e0                SysTick_Handler
                0x080002e0                PVD_IRQHandler
                0x080002e0                PendSV_Handler
                0x080002e0                NMI_Handler
                0x080002e0                EXTI3_IRQHandler
                0x080002e0                EXTI0_IRQHandler
                0x080002e0                I2C2_EV_IRQHandler
                0x080002e0                UsageFault_Handler
                0x080002e0                ADC1_2_IRQHandler
                0x080002e0                SPI1_IRQHandler
                0x080002e0                TAMPER_IRQHandler
                0x080002e0                DMA1_Channel4_IRQHandler
                0x080002e0                USART3_IRQHandler
                0x080002e0                RTC_IRQHandler
                0x080002e0                DMA1_Channel7_IRQHandler
                0x080002e0                CAN1_RX1_IRQHandler
                0x080002e0                TIM4_IRQHandler
                0x080002e0                I2C1_EV_IRQHandler
                0x080002e0                DMA1_Channel6_IRQHandler
                0x080002e0                TIM3_IRQHandler
                0x080002e0                RCC_IRQHandler
                0x080002e0                TIM1_TRG_COM_IRQHandler
                0x080002e0                DMA1_Channel1_IRQHandler
                0x080002e0                EXTI15_10_IRQHandler
                0x080002e0                EXTI9_5_IRQHandler
                0x080002e0                SPI2_IRQHandler
                0x080002e0                MemManage_Handler
                0x080002e0                SVC_Handler
                0x080002e0                DMA1_Channel5_IRQHandler
                0x080002e0                EXTI4_IRQHandler
                0x080002e0                USB_LP_CAN1_RX0_IRQHandler
                0x080002e0                USB_HP_CAN1_TX_IRQHandler
                0x080002e0                DMA1_Channel3_IRQHandler
                0x080002e0                TIM1_UP_IRQHandler
                0x080002e0                WWDG_IRQHandler
                0x080002e0                TIM2_IRQHandler
                0x080002e0                TIM1_BRK_IRQHandler
                0x080002e0                EXTI1_IRQHandler
                0x080002e0                RTCAlarm_IRQHandler
                0x080002e0                USART2_IRQHandler
                0x080002e0                I2C2_ER_IRQHandler
                0x080002e0                DMA1_Channel2_IRQHandler
                0x080002e0                CAN1_SCE_IRQHandler
                0x080002e0                FLASH_IRQHandler
                0x080002e0                BusFault_Handler
                0x080002e0                I2C1_ER_IRQHandler
                0x080002e0                USBWakeUp_IRQHandler
 .text.GPIO_Init
                0x080002e8      0x178 ..\obj\stm32f10x_gpio.o
                0x080002e8                GPIO_Init
 .text.GPIO_StructInit
                0x08000460       0x28 ..\obj\stm32f10x_gpio.o
                0x08000460                GPIO_StructInit
 .text.GPIO_WriteBit
                0x08000488       0x30 ..\obj\stm32f10x_gpio.o
                0x08000488                GPIO_WriteBit
 .text.NVIC_EnableIRQ
                0x080004b8       0x30 ..\obj\main.o
 .text.init_sequence
                0x080004e8       0xb4 ..\obj\main.o
                0x080004e8                init_sequence
 .text.Usart_sendchar
                0x0800059c       0x30 ..\obj\main.o
                0x0800059c                Usart_sendchar
 .text.Usart_string
                0x080005cc       0x3c ..\obj\main.o
                0x080005cc                Usart_string
 .text.USART1_IRQHandler
                0x08000608       0x94 ..\obj\main.o
                0x08000608                USART1_IRQHandler
 .text.get_char
                0x0800069c       0x7c ..\obj\main.o
                0x0800069c                get_char
 .text.main     0x08000718       0x68 ..\obj\main.o
                0x08000718                main
 .text.RCC_GetClocksFreq
                0x08000780      0x160 ..\obj\stm32f10x_rcc.o
                0x08000780                RCC_GetClocksFreq
 .text.RCC_APB2PeriphClockCmd
                0x080008e0       0x3c ..\obj\stm32f10x_rcc.o
                0x080008e0                RCC_APB2PeriphClockCmd
 .text.USART_Init
                0x0800091c      0x178 ..\obj\stm32f10x_usart.o
                0x0800091c                USART_Init
 .text.USART_Cmd
                0x08000a94       0x40 ..\obj\stm32f10x_usart.o
                0x08000a94                USART_Cmd
 .text.USART_ITConfig
                0x08000ad4       0x90 ..\obj\stm32f10x_usart.o
                0x08000ad4                USART_ITConfig
 .text.USART_SendData
                0x08000b64       0x24 ..\obj\stm32f10x_usart.o
                0x08000b64                USART_SendData
 .text.USART_ReceiveData
                0x08000b88       0x20 ..\obj\stm32f10x_usart.o
                0x08000b88                USART_ReceiveData
 .text.USART_GetFlagStatus
                0x08000ba8       0x38 ..\obj\stm32f10x_usart.o
                0x08000ba8                USART_GetFlagStatus
 .text.USART_GetITStatus
                0x08000be0       0xb4 ..\obj\stm32f10x_usart.o
                0x08000be0                USART_GetITStatus
 .text.strlen   0x08000c94       0x5c c:/program files (x86)/gnu tools arm embedded/5.2 2015q4/bin/../lib/gcc/arm-none-eabi/5.2.1/../../../../arm-none-eabi/lib/armv7-m\libg.a(lib_a-strlen-stub.o)
                0x08000c94                strlen
 *(.init)
 *(.fini)
 *crtbegin.o(.ctors)
 *crtbegin?.o(.ctors)
 *(EXCLUDE_FILE(*crtend.o *crtend?.o) .ctors)
 *(SORT(.ctors.*))
 *(.ctors)
 *crtbegin.o(.dtors)
 *crtbegin?.o(.dtors)
 *(EXCLUDE_FILE(*crtend.o *crtend?.o) .dtors)
 *(SORT(.dtors.*))
 *(.dtors)
 *(.rodata*)
 .rodata        0x08000cf0       0x25 ..\obj\main.o
 *(.eh_fram e*)

.glue_7         0x08000d18        0x0
 .glue_7        0x08000d18        0x0 linker stubs

.glue_7t        0x08000d18        0x0
 .glue_7t       0x08000d18        0x0 linker stubs

.vfp11_veneer   0x08000d18        0x0
 .vfp11_veneer  0x08000d18        0x0 linker stubs

.v4_bx          0x08000d18        0x0
 .v4_bx         0x08000d18        0x0 linker stubs

.iplt           0x08000d18        0x0
 .iplt          0x08000d18        0x0 ..\obj\USART_Print.o

.rel.dyn        0x08000d18        0x0
 .rel.iplt      0x08000d18        0x0 ..\obj\USART_Print.o

.ARM.extab
 *(.ARM.extab* .gnu.linkonce.armextab.*)
                0x08000d18                __exidx_start = .

.ARM.exidx
 *(.ARM.exidx* .gnu.linkonce.armexidx.*)
                0x08000d18                __exidx_end = .
                0x08000d18                __etext = .
                0x08000d15                _sidata = __etext

.data           0x20000000       0x14 load address 0x08000d15
                0x20000000                __data_start__ = .
                0x20000000                _sdata = __data_start__
 *(vtable)
 *(.data*)
 .data          0x20000000       0x14 ..\obj\stm32f10x_rcc.o
                0x20000014                . = ALIGN (0x4)
                [!provide]                PROVIDE (__preinit_array_start, .)
 *(.preinit_array)
                [!provide]                PROVIDE (__preinit_array_end, .)
                0x20000014                . = ALIGN (0x4)
                [!provide]                PROVIDE (__init_array_start, .)
 *(SORT(.init_array.*))
 *(.init_array)
                [!provide]                PROVIDE (__init_array_end, .)
                0x20000014                . = ALIGN (0x4)
                [!provide]                PROVIDE (__fini_array_start, .)
 *(SORT(.fini_array.*))
 *(.fini_array)
                [!provide]                PROVIDE (__fini_array_end, .)
 *(.jcr*)
                0x20000014                . = ALIGN (0x4)
                0x20000014                __data_end__ = .
                0x20000014                _edata = __data_end__

.igot.plt       0x20000014        0x0 load address 0x08000d2c
 .igot.plt      0x20000014        0x0 ..\obj\USART_Print.o

.bss            0x20000014      0x2d4 load address 0x08000d2c
                0x20000014                . = ALIGN (0x4)
                0x20000014                __bss_start__ = .
                0x20000014                _sbss = __bss_start__
 *(.bss*)
 .bss           0x20000014       0x14 ..\obj\main.o
                0x20000014                rx_wr_index
                0x20000016                rx_rd_index
                0x20000018                rx_counter
                0x2000001a                rx_buffer_overflow
                0x2000001c                tx_wr_index
                0x2000001e                tx_rd_index
                0x20000020                tx_counter
                0x20000024                led_state
 *(COMMON)
 COMMON         0x20000028      0x2be ..\obj\main.o
                0x20000028                rx_buffer
                0x20000188                tx_buffer
                0x200002e8                . = ALIGN (0x4)
 *fill*         0x200002e6        0x2 
                0x200002e8                __bss_end__ = .
                0x200002e8                _ebss = __bss_end__

.heap           0x200002e8        0x0
                0x200002e8                __end__ = .
                0x200002e8                _end = __end__
                0x200002e8                end = __end__
 *(.heap*)
                0x200002e8                __HeapLimit = .

.co_stack       0x200002e8      0x400 load address 0x08001000
                0x200002e8                . = ALIGN (0x8)
 *(.co_stack .co_stack.*)
 .co_stack      0x200002e8      0x400 ..\obj\startup_stm32f10x_md.o
                0x200002e8                pulStack
                0x20005000                __StackTop = (ORIGIN (ram) + LENGTH (ram))
                0x20004c00                __StackLimit = (__StackTop - SIZEOF (.co_stack))
                [!provide]                PROVIDE (__stack, __StackTop)
                0x00000001                ASSERT ((__StackLimit >= __HeapLimit), region ram  overflowed with stack)
LOAD ..\obj\USART_Print.o
LOAD ..\obj\system_stm32f10x.o
LOAD ..\obj\startup_stm32f10x_md.o
LOAD ..\obj\stm32f10x_gpio.o
LOAD ..\obj\main.o
LOAD ..\obj\stm32f10x_rcc.o
LOAD ..\obj\stm32f10x_usart.o
LOAD ..\obj\syscalls.o
LOAD ..\obj\misc.o
START GROUP
LOAD c:/program files (x86)/gnu tools arm embedded/5.2 2015q4/bin/../lib/gcc/arm-none-eabi/5.2.1/armv7-m\libgcc.a
LOAD c:/program files (x86)/gnu tools arm embedded/5.2 2015q4/bin/../lib/gcc/arm-none-eabi/5.2.1/../../../../arm-none-eabi/lib/armv7-m\libg.a
LOAD c:/program files (x86)/gnu tools arm embedded/5.2 2015q4/bin/../lib/gcc/arm-none-eabi/5.2.1/../../../../arm-none-eabi/lib/armv7-m\libc.a
END GROUP
OUTPUT(USART.elf elf32-littlearm)

.debug_info     0x00000000     0x272a
 .debug_info    0x00000000      0x47d ..\obj\system_stm32f10x.o
 .debug_info    0x0000047d       0xe9 ..\obj\startup_stm32f10x_md.o
 .debug_info    0x00000566      0x6f6 ..\obj\stm32f10x_gpio.o
 .debug_info    0x00000c5c      0x845 ..\obj\main.o
 .debug_info    0x000014a1      0x899 ..\obj\stm32f10x_rcc.o
 .debug_info    0x00001d3a      0x9f0 ..\obj\stm32f10x_usart.o

.debug_abbrev   0x00000000      0x911
 .debug_abbrev  0x00000000      0x14e ..\obj\system_stm32f10x.o
 .debug_abbrev  0x0000014e       0xa7 ..\obj\startup_stm32f10x_md.o
 .debug_abbrev  0x000001f5      0x1cc ..\obj\stm32f10x_gpio.o
 .debug_abbrev  0x000003c1      0x230 ..\obj\main.o
 .debug_abbrev  0x000005f1      0x1bc ..\obj\stm32f10x_rcc.o
 .debug_abbrev  0x000007ad      0x164 ..\obj\stm32f10x_usart.o

.debug_aranges  0x00000000      0x380
 .debug_aranges
                0x00000000       0x38 ..\obj\system_stm32f10x.o
 .debug_aranges
                0x00000038       0x28 ..\obj\startup_stm32f10x_md.o
 .debug_aranges
                0x00000060       0xa8 ..\obj\stm32f10x_gpio.o
 .debug_aranges
                0x00000108       0x60 ..\obj\main.o
 .debug_aranges
                0x00000168      0x118 ..\obj\stm32f10x_rcc.o
 .debug_aranges
                0x00000280      0x100 ..\obj\stm32f10x_usart.o

.debug_ranges   0x00000000      0x320
 .debug_ranges  0x00000000       0x28 ..\obj\system_stm32f10x.o
 .debug_ranges  0x00000028       0x18 ..\obj\startup_stm32f10x_md.o
 .debug_ranges  0x00000040       0x98 ..\obj\stm32f10x_gpio.o
 .debug_ranges  0x000000d8       0x50 ..\obj\main.o
 .debug_ranges  0x00000128      0x108 ..\obj\stm32f10x_rcc.o
 .debug_ranges  0x00000230       0xf0 ..\obj\stm32f10x_usart.o

.debug_line     0x00000000     0x1268
 .debug_line    0x00000000      0x210 ..\obj\system_stm32f10x.o
 .debug_line    0x00000210       0x98 ..\obj\startup_stm32f10x_md.o
 .debug_line    0x000002a8      0x3ac ..\obj\stm32f10x_gpio.o
 .debug_line    0x00000654      0x2df ..\obj\main.o
 .debug_line    0x00000933      0x4a7 ..\obj\stm32f10x_rcc.o
 .debug_line    0x00000dda      0x48e ..\obj\stm32f10x_usart.o

.debug_str      0x00000000     0x1368
 .debug_str     0x00000000      0x27e ..\obj\system_stm32f10x.o
                                0x2ed (size before relaxing)
 .debug_str     0x0000027e       0xa6 ..\obj\startup_stm32f10x_md.o
                                0x13d (size before relaxing)
 .debug_str     0x00000324      0x3ab ..\obj\stm32f10x_gpio.o
                                0x517 (size before relaxing)
 .debug_str     0x000006cf      0x51c ..\obj\main.o
                                0x7db (size before relaxing)
 .debug_str     0x00000beb      0x3de ..\obj\stm32f10x_rcc.o
                                0x618 (size before relaxing)
 .debug_str     0x00000fc9      0x39f ..\obj\stm32f10x_usart.o
                                0x68e (size before relaxing)

.comment        0x00000000       0x6e
 .comment       0x00000000       0x6e ..\obj\system_stm32f10x.o
                                 0x6f (size before relaxing)
 .comment       0x0000006e       0x6f ..\obj\startup_stm32f10x_md.o
 .comment       0x0000006e       0x6f ..\obj\stm32f10x_gpio.o
 .comment       0x0000006e       0x6f ..\obj\main.o
 .comment       0x0000006e       0x6f ..\obj\stm32f10x_rcc.o
 .comment       0x0000006e       0x6f ..\obj\stm32f10x_usart.o

.ARM.attributes
                0x00000000       0x31
 .ARM.attributes
                0x00000000       0x33 ..\obj\system_stm32f10x.o
 .ARM.attributes
                0x00000033       0x33 ..\obj\startup_stm32f10x_md.o
 .ARM.attributes
                0x00000066       0x33 ..\obj\stm32f10x_gpio.o
 .ARM.attributes
                0x00000099       0x33 ..\obj\main.o
 .ARM.attributes
                0x000000cc       0x33 ..\obj\stm32f10x_rcc.o
 .ARM.attributes
                0x000000ff       0x33 ..\obj\stm32f10x_usart.o
 .ARM.attributes
                0x00000132       0x2d c:/program files (x86)/gnu tools arm embedded/5.2 2015q4/bin/../lib/gcc/arm-none-eabi/5.2.1/../../../../arm-none-eabi/lib/armv7-m\libg.a(lib_a-strlen-stub.o)

.debug_frame    0x00000000      0xeac
 .debug_frame   0x00000000       0x98 ..\obj\system_stm32f10x.o
 .debug_frame   0x00000098       0x4c ..\obj\startup_stm32f10x_md.o
 .debug_frame   0x000000e4      0x2d0 ..\obj\stm32f10x_gpio.o
 .debug_frame   0x000003b4      0x154 ..\obj\main.o
 .debug_frame   0x00000508      0x4f4 ..\obj\stm32f10x_rcc.o
 .debug_frame   0x000009fc      0x490 ..\obj\stm32f10x_usart.o
 .debug_frame   0x00000e8c       0x20 c:/program files (x86)/gnu tools arm embedded/5.2 2015q4/bin/../lib/gcc/arm-none-eabi/5.2.1/../../../../arm-none-eabi/lib/armv7-m\libg.a(lib_a-strlen-stub.o)
