
Discarded input sections

 .text          0x00000000        0x0 ..\obj\stm32f10x_tim.o
 .data          0x00000000        0x0 ..\obj\stm32f10x_tim.o
 .bss           0x00000000        0x0 ..\obj\stm32f10x_tim.o
 .text.TIM_DeInit
                0x00000000      0x22c ..\obj\stm32f10x_tim.o
 .text.TIM_ICInit
                0x00000000       0xa8 ..\obj\stm32f10x_tim.o
 .text.TIM_PWMIConfig
                0x00000000       0xb8 ..\obj\stm32f10x_tim.o
 .text.TIM_BDTRConfig
                0x00000000       0x4e ..\obj\stm32f10x_tim.o
 .text.TIM_OCStructInit
                0x00000000       0x42 ..\obj\stm32f10x_tim.o
 .text.TIM_ICStructInit
                0x00000000       0x30 ..\obj\stm32f10x_tim.o
 .text.TIM_BDTRStructInit
                0x00000000       0x3c ..\obj\stm32f10x_tim.o
 .text.TIM_CtrlPWMOutputs
                0x00000000       0x4a ..\obj\stm32f10x_tim.o
 .text.TIM_ITConfig
                0x00000000       0x46 ..\obj\stm32f10x_tim.o
 .text.TIM_GenerateEvent
                0x00000000       0x1c ..\obj\stm32f10x_tim.o
 .text.TIM_DMAConfig
                0x00000000       0x28 ..\obj\stm32f10x_tim.o
 .text.TIM_DMACmd
                0x00000000       0x46 ..\obj\stm32f10x_tim.o
 .text.TIM_InternalClockConfig
                0x00000000       0x22 ..\obj\stm32f10x_tim.o
 .text.TIM_ITRxExternalClockConfig
                0x00000000       0x2e ..\obj\stm32f10x_tim.o
 .text.TIM_TIxExternalClockConfig
                0x00000000       0x5c ..\obj\stm32f10x_tim.o
 .text.TIM_ETRClockMode1Config
                0x00000000       0x5e ..\obj\stm32f10x_tim.o
 .text.TIM_ETRClockMode2Config
                0x00000000       0x3e ..\obj\stm32f10x_tim.o
 .text.TIM_ETRConfig
                0x00000000       0x52 ..\obj\stm32f10x_tim.o
 .text.TIM_PrescalerConfig
                0x00000000       0x26 ..\obj\stm32f10x_tim.o
 .text.TIM_CounterModeConfig
                0x00000000       0x36 ..\obj\stm32f10x_tim.o
 .text.TIM_SelectInputTrigger
                0x00000000       0x36 ..\obj\stm32f10x_tim.o
 .text.TIM_EncoderInterfaceConfig
                0x00000000       0x96 ..\obj\stm32f10x_tim.o
 .text.TIM_ForcedOC1Config
                0x00000000       0x36 ..\obj\stm32f10x_tim.o
 .text.TIM_ForcedOC2Config
                0x00000000       0x3a ..\obj\stm32f10x_tim.o
 .text.TIM_ForcedOC3Config
                0x00000000       0x36 ..\obj\stm32f10x_tim.o
 .text.TIM_ForcedOC4Config
                0x00000000       0x3a ..\obj\stm32f10x_tim.o
 .text.TIM_ARRPreloadConfig
                0x00000000       0x3e ..\obj\stm32f10x_tim.o
 .text.TIM_SelectCOM
                0x00000000       0x3e ..\obj\stm32f10x_tim.o
 .text.TIM_SelectCCDMA
                0x00000000       0x3e ..\obj\stm32f10x_tim.o
 .text.TIM_CCPreloadControl
                0x00000000       0x3e ..\obj\stm32f10x_tim.o
 .text.TIM_OC1FastConfig
                0x00000000       0x36 ..\obj\stm32f10x_tim.o
 .text.TIM_OC2FastConfig
                0x00000000       0x3a ..\obj\stm32f10x_tim.o
 .text.TIM_OC3FastConfig
                0x00000000       0x36 ..\obj\stm32f10x_tim.o
 .text.TIM_OC4FastConfig
                0x00000000       0x3a ..\obj\stm32f10x_tim.o
 .text.TIM_ClearOC1Ref
                0x00000000       0x36 ..\obj\stm32f10x_tim.o
 .text.TIM_ClearOC2Ref
                0x00000000       0x3a ..\obj\stm32f10x_tim.o
 .text.TIM_ClearOC3Ref
                0x00000000       0x36 ..\obj\stm32f10x_tim.o
 .text.TIM_ClearOC4Ref
                0x00000000       0x3a ..\obj\stm32f10x_tim.o
 .text.TIM_OC1PolarityConfig
                0x00000000       0x36 ..\obj\stm32f10x_tim.o
 .text.TIM_OC1NPolarityConfig
                0x00000000       0x36 ..\obj\stm32f10x_tim.o
 .text.TIM_OC2PolarityConfig
                0x00000000       0x3a ..\obj\stm32f10x_tim.o
 .text.TIM_OC2NPolarityConfig
                0x00000000       0x3a ..\obj\stm32f10x_tim.o
 .text.TIM_OC3PolarityConfig
                0x00000000       0x3a ..\obj\stm32f10x_tim.o
 .text.TIM_OC3NPolarityConfig
                0x00000000       0x3a ..\obj\stm32f10x_tim.o
 .text.TIM_OC4PolarityConfig
                0x00000000       0x3a ..\obj\stm32f10x_tim.o
 .text.TIM_CCxCmd
                0x00000000       0x54 ..\obj\stm32f10x_tim.o
 .text.TIM_CCxNCmd
                0x00000000       0x54 ..\obj\stm32f10x_tim.o
 .text.TIM_SelectOCxM
                0x00000000       0xae ..\obj\stm32f10x_tim.o
 .text.TIM_UpdateDisableConfig
                0x00000000       0x3e ..\obj\stm32f10x_tim.o
 .text.TIM_UpdateRequestConfig
                0x00000000       0x3e ..\obj\stm32f10x_tim.o
 .text.TIM_SelectHallSensor
                0x00000000       0x3e ..\obj\stm32f10x_tim.o
 .text.TIM_SelectOnePulseMode
                0x00000000       0x36 ..\obj\stm32f10x_tim.o
 .text.TIM_SelectOutputTrigger
                0x00000000       0x36 ..\obj\stm32f10x_tim.o
 .text.TIM_SelectSlaveMode
                0x00000000       0x36 ..\obj\stm32f10x_tim.o
 .text.TIM_SelectMasterSlaveMode
                0x00000000       0x36 ..\obj\stm32f10x_tim.o
 .text.TIM_SetCounter
                0x00000000       0x1c ..\obj\stm32f10x_tim.o
 .text.TIM_SetAutoreload
                0x00000000       0x1c ..\obj\stm32f10x_tim.o
 .text.TIM_SetCompare1
                0x00000000       0x1c ..\obj\stm32f10x_tim.o
 .text.TIM_SetCompare2
                0x00000000       0x1c ..\obj\stm32f10x_tim.o
 .text.TIM_SetCompare3
                0x00000000       0x1c ..\obj\stm32f10x_tim.o
 .text.TIM_SetCompare4
                0x00000000       0x1e ..\obj\stm32f10x_tim.o
 .text.TIM_SetIC1Prescaler
                0x00000000       0x36 ..\obj\stm32f10x_tim.o
 .text.TIM_SetIC2Prescaler
                0x00000000       0x3a ..\obj\stm32f10x_tim.o
 .text.TIM_SetIC3Prescaler
                0x00000000       0x36 ..\obj\stm32f10x_tim.o
 .text.TIM_SetIC4Prescaler
                0x00000000       0x3a ..\obj\stm32f10x_tim.o
 .text.TIM_SetClockDivision
                0x00000000       0x36 ..\obj\stm32f10x_tim.o
 .text.TIM_GetCapture1
                0x00000000       0x18 ..\obj\stm32f10x_tim.o
 .text.TIM_GetCapture2
                0x00000000       0x18 ..\obj\stm32f10x_tim.o
 .text.TIM_GetCapture3
                0x00000000       0x18 ..\obj\stm32f10x_tim.o
 .text.TIM_GetCapture4
                0x00000000       0x1a ..\obj\stm32f10x_tim.o
 .text.TIM_GetCounter
                0x00000000       0x18 ..\obj\stm32f10x_tim.o
 .text.TIM_GetPrescaler
                0x00000000       0x18 ..\obj\stm32f10x_tim.o
 .text.TIM_GetFlagStatus
                0x00000000       0x36 ..\obj\stm32f10x_tim.o
 .text.TIM_ClearFlag
                0x00000000       0x20 ..\obj\stm32f10x_tim.o
 .text.TIM_GetITStatus
                0x00000000       0x52 ..\obj\stm32f10x_tim.o
 .text.TIM_ClearITPendingBit
                0x00000000       0x20 ..\obj\stm32f10x_tim.o
 .text.TI1_Config
                0x00000000       0xe0 ..\obj\stm32f10x_tim.o
 .text.TI2_Config
                0x00000000       0xf4 ..\obj\stm32f10x_tim.o
 .text.TI3_Config
                0x00000000       0xec ..\obj\stm32f10x_tim.o
 .text.TI4_Config
                0x00000000       0xf8 ..\obj\stm32f10x_tim.o
 .text          0x00000000        0x0 ..\obj\system_stm32f10x.o
 .bss           0x00000000        0x0 ..\obj\system_stm32f10x.o
 .text.SystemCoreClockUpdate
                0x00000000       0xd8 ..\obj\system_stm32f10x.o
 .text          0x00000000        0x0 ..\obj\startup_stm32f10x_md.o
 .data          0x00000000        0x0 ..\obj\startup_stm32f10x_md.o
 .bss           0x00000000        0x0 ..\obj\startup_stm32f10x_md.o
 .text          0x00000000        0x0 ..\obj\stm32f10x_gpio.o
 .data          0x00000000        0x0 ..\obj\stm32f10x_gpio.o
 .bss           0x00000000        0x0 ..\obj\stm32f10x_gpio.o
 .text.GPIO_DeInit
                0x00000000       0xe4 ..\obj\stm32f10x_gpio.o
 .text.GPIO_AFIODeInit
                0x00000000       0x18 ..\obj\stm32f10x_gpio.o
 .text.GPIO_StructInit
                0x00000000       0x26 ..\obj\stm32f10x_gpio.o
 .text.GPIO_ReadInputDataBit
                0x00000000       0x32 ..\obj\stm32f10x_gpio.o
 .text.GPIO_ReadInputData
                0x00000000       0x18 ..\obj\stm32f10x_gpio.o
 .text.GPIO_ReadOutputDataBit
                0x00000000       0x32 ..\obj\stm32f10x_gpio.o
 .text.GPIO_ReadOutputData
                0x00000000       0x18 ..\obj\stm32f10x_gpio.o
 .text.GPIO_SetBits
                0x00000000       0x1c ..\obj\stm32f10x_gpio.o
 .text.GPIO_ResetBits
                0x00000000       0x1c ..\obj\stm32f10x_gpio.o
 .text.GPIO_WriteBit
                0x00000000       0x2e ..\obj\stm32f10x_gpio.o
 .text.GPIO_Write
                0x00000000       0x1c ..\obj\stm32f10x_gpio.o
 .text.GPIO_PinLockConfig
                0x00000000       0x42 ..\obj\stm32f10x_gpio.o
 .text.GPIO_EventOutputConfig
                0x00000000       0x4c ..\obj\stm32f10x_gpio.o
 .text.GPIO_EventOutputCmd
                0x00000000       0x20 ..\obj\stm32f10x_gpio.o
 .text.GPIO_PinRemapConfig
                0x00000000       0xe0 ..\obj\stm32f10x_gpio.o
 .text.GPIO_EXTILineConfig
                0x00000000       0x80 ..\obj\stm32f10x_gpio.o
 .text.GPIO_ETH_MediaInterfaceConfig
                0x00000000       0x1c ..\obj\stm32f10x_gpio.o
 .text          0x00000000        0x0 ..\obj\main.o
 .data          0x00000000        0x0 ..\obj\main.o
 .bss           0x00000000        0x0 ..\obj\main.o
 .text          0x00000000        0x0 ..\obj\stm32f10x_rcc.o
 .data          0x00000000       0x14 ..\obj\stm32f10x_rcc.o
 .bss           0x00000000        0x0 ..\obj\stm32f10x_rcc.o
 .text.RCC_DeInit
                0x00000000       0x5c ..\obj\stm32f10x_rcc.o
 .text.RCC_HSEConfig
                0x00000000       0x5c ..\obj\stm32f10x_rcc.o
 .text.RCC_WaitForHSEStartUp
                0x00000000       0x50 ..\obj\stm32f10x_rcc.o
 .text.RCC_AdjustHSICalibrationValue
                0x00000000       0x3c ..\obj\stm32f10x_rcc.o
 .text.RCC_HSICmd
                0x00000000       0x20 ..\obj\stm32f10x_rcc.o
 .text.RCC_PLLConfig
                0x00000000       0x3c ..\obj\stm32f10x_rcc.o
 .text.RCC_PLLCmd
                0x00000000       0x20 ..\obj\stm32f10x_rcc.o
 .text.RCC_SYSCLKConfig
                0x00000000       0x38 ..\obj\stm32f10x_rcc.o
 .text.RCC_GetSYSCLKSource
                0x00000000       0x1c ..\obj\stm32f10x_rcc.o
 .text.RCC_HCLKConfig
                0x00000000       0x38 ..\obj\stm32f10x_rcc.o
 .text.RCC_PCLK1Config
                0x00000000       0x38 ..\obj\stm32f10x_rcc.o
 .text.RCC_PCLK2Config
                0x00000000       0x38 ..\obj\stm32f10x_rcc.o
 .text.RCC_ITConfig
                0x00000000       0x4c ..\obj\stm32f10x_rcc.o
 .text.RCC_USBCLKConfig
                0x00000000       0x1c ..\obj\stm32f10x_rcc.o
 .text.RCC_ADCCLKConfig
                0x00000000       0x38 ..\obj\stm32f10x_rcc.o
 .text.RCC_LSEConfig
                0x00000000       0x40 ..\obj\stm32f10x_rcc.o
 .text.RCC_LSICmd
                0x00000000       0x20 ..\obj\stm32f10x_rcc.o
 .text.RCC_RTCCLKConfig
                0x00000000       0x24 ..\obj\stm32f10x_rcc.o
 .text.RCC_RTCCLKCmd
                0x00000000       0x20 ..\obj\stm32f10x_rcc.o
 .text.RCC_GetClocksFreq
                0x00000000      0x160 ..\obj\stm32f10x_rcc.o
 .text.RCC_AHBPeriphClockCmd
                0x00000000       0x3c ..\obj\stm32f10x_rcc.o
 .text.RCC_APB2PeriphResetCmd
                0x00000000       0x3c ..\obj\stm32f10x_rcc.o
 .text.RCC_APB1PeriphResetCmd
                0x00000000       0x3c ..\obj\stm32f10x_rcc.o
 .text.RCC_BackupResetCmd
                0x00000000       0x20 ..\obj\stm32f10x_rcc.o
 .text.RCC_ClockSecuritySystemCmd
                0x00000000       0x20 ..\obj\stm32f10x_rcc.o
 .text.RCC_MCOConfig
                0x00000000       0x20 ..\obj\stm32f10x_rcc.o
 .text.RCC_GetFlagStatus
                0x00000000       0x74 ..\obj\stm32f10x_rcc.o
 .text.RCC_ClearFlag
                0x00000000       0x1c ..\obj\stm32f10x_rcc.o
 .text.RCC_GetITStatus
                0x00000000       0x34 ..\obj\stm32f10x_rcc.o
 .text.RCC_ClearITPendingBit
                0x00000000       0x20 ..\obj\stm32f10x_rcc.o
 .text          0x00000000        0x0 ..\obj\stm32f10x_exti.o
 .data          0x00000000        0x0 ..\obj\stm32f10x_exti.o
 .bss           0x00000000        0x0 ..\obj\stm32f10x_exti.o
 .text.EXTI_DeInit
                0x00000000       0x34 ..\obj\stm32f10x_exti.o
 .text.EXTI_Init
                0x00000000       0xe4 ..\obj\stm32f10x_exti.o
 .text.EXTI_StructInit
                0x00000000       0x2a ..\obj\stm32f10x_exti.o
 .text.EXTI_GenerateSWInterrupt
                0x00000000       0x24 ..\obj\stm32f10x_exti.o
 .text.EXTI_GetFlagStatus
                0x00000000       0x34 ..\obj\stm32f10x_exti.o
 .text.EXTI_ClearFlag
                0x00000000       0x1c ..\obj\stm32f10x_exti.o
 .text.EXTI_GetITStatus
                0x00000000       0x48 ..\obj\stm32f10x_exti.o
 .text.EXTI_ClearITPendingBit
                0x00000000       0x1c ..\obj\stm32f10x_exti.o
 .debug_info    0x00000000      0x35d ..\obj\stm32f10x_exti.o
 .debug_abbrev  0x00000000      0x16c ..\obj\stm32f10x_exti.o
 .debug_aranges
                0x00000000       0x58 ..\obj\stm32f10x_exti.o
 .debug_ranges  0x00000000       0x48 ..\obj\stm32f10x_exti.o
 .debug_line    0x00000000      0x2cc ..\obj\stm32f10x_exti.o
 .debug_str     0x00000000      0x3b1 ..\obj\stm32f10x_exti.o
 .comment       0x00000000       0x80 ..\obj\stm32f10x_exti.o
 .debug_frame   0x00000000      0x148 ..\obj\stm32f10x_exti.o
 .ARM.attributes
                0x00000000       0x33 ..\obj\stm32f10x_exti.o
 .text          0x00000000        0x0 ..\obj\stm32f10x_usart.o
 .data          0x00000000        0x0 ..\obj\stm32f10x_usart.o
 .bss           0x00000000        0x0 ..\obj\stm32f10x_usart.o
 .text.USART_DeInit
                0x00000000       0xb8 ..\obj\stm32f10x_usart.o
 .text.USART_Init
                0x00000000      0x174 ..\obj\stm32f10x_usart.o
 .text.USART_StructInit
                0x00000000       0x38 ..\obj\stm32f10x_usart.o
 .text.USART_ClockInit
                0x00000000       0x56 ..\obj\stm32f10x_usart.o
 .text.USART_ClockStructInit
                0x00000000       0x2a ..\obj\stm32f10x_usart.o
 .text.USART_Cmd
                0x00000000       0x3e ..\obj\stm32f10x_usart.o
 .text.USART_ITConfig
                0x00000000       0x8e ..\obj\stm32f10x_usart.o
 .text.USART_DMACmd
                0x00000000       0x46 ..\obj\stm32f10x_usart.o
 .text.USART_SetAddress
                0x00000000       0x38 ..\obj\stm32f10x_usart.o
 .text.USART_WakeUpConfig
                0x00000000       0x36 ..\obj\stm32f10x_usart.o
 .text.USART_ReceiverWakeUpCmd
                0x00000000       0x3e ..\obj\stm32f10x_usart.o
 .text.USART_LINBreakDetectLengthConfig
                0x00000000       0x36 ..\obj\stm32f10x_usart.o
 .text.USART_LINCmd
                0x00000000       0x3e ..\obj\stm32f10x_usart.o
 .text.USART_SendData
                0x00000000       0x22 ..\obj\stm32f10x_usart.o
 .text.USART_ReceiveData
                0x00000000       0x1e ..\obj\stm32f10x_usart.o
 .text.USART_SendBreak
                0x00000000       0x22 ..\obj\stm32f10x_usart.o
 .text.USART_SetGuardTime
                0x00000000       0x3a ..\obj\stm32f10x_usart.o
 .text.USART_SetPrescaler
                0x00000000       0x38 ..\obj\stm32f10x_usart.o
 .text.USART_SmartCardCmd
                0x00000000       0x3e ..\obj\stm32f10x_usart.o
 .text.USART_SmartCardNACKCmd
                0x00000000       0x3e ..\obj\stm32f10x_usart.o
 .text.USART_HalfDuplexCmd
                0x00000000       0x3e ..\obj\stm32f10x_usart.o
 .text.USART_OverSampling8Cmd
                0x00000000       0x42 ..\obj\stm32f10x_usart.o
 .text.USART_OneBitMethodCmd
                0x00000000       0x3e ..\obj\stm32f10x_usart.o
 .text.USART_IrDAConfig
                0x00000000       0x36 ..\obj\stm32f10x_usart.o
 .text.USART_IrDACmd
                0x00000000       0x3e ..\obj\stm32f10x_usart.o
 .text.USART_GetFlagStatus
                0x00000000       0x36 ..\obj\stm32f10x_usart.o
 .text.USART_ClearFlag
                0x00000000       0x20 ..\obj\stm32f10x_usart.o
 .text.USART_GetITStatus
                0x00000000       0xb4 ..\obj\stm32f10x_usart.o
 .text.USART_ClearITPendingBit
                0x00000000       0x38 ..\obj\stm32f10x_usart.o
 .debug_info    0x00000000      0x9f6 ..\obj\stm32f10x_usart.o
 .debug_abbrev  0x00000000      0x191 ..\obj\stm32f10x_usart.o
 .debug_aranges
                0x00000000      0x100 ..\obj\stm32f10x_usart.o
 .debug_ranges  0x00000000       0xf0 ..\obj\stm32f10x_usart.o
 .debug_line    0x00000000      0x4d8 ..\obj\stm32f10x_usart.o
 .debug_str     0x00000000      0x6f8 ..\obj\stm32f10x_usart.o
 .comment       0x00000000       0x80 ..\obj\stm32f10x_usart.o
 .debug_frame   0x00000000      0x490 ..\obj\stm32f10x_usart.o
 .ARM.attributes
                0x00000000       0x33 ..\obj\stm32f10x_usart.o
 .text          0x00000000        0x0 ..\obj\syscalls.o
 .data          0x00000000        0x0 ..\obj\syscalls.o
 .bss           0x00000000        0x4 ..\obj\syscalls.o
 .text._sbrk    0x00000000       0x3c ..\obj\syscalls.o
 .text.link     0x00000000       0x18 ..\obj\syscalls.o
 .text._close   0x00000000       0x16 ..\obj\syscalls.o
 .text._fstat   0x00000000       0x1e ..\obj\syscalls.o
 .text._isatty  0x00000000       0x14 ..\obj\syscalls.o
 .text._lseek   0x00000000       0x18 ..\obj\syscalls.o
 .text._read    0x00000000       0x18 ..\obj\syscalls.o
 .text._write   0x00000000       0x18 ..\obj\syscalls.o
 .text.abort    0x00000000        0x6 ..\obj\syscalls.o
 .debug_info    0x00000000      0xc98 ..\obj\syscalls.o
 .debug_abbrev  0x00000000      0x20d ..\obj\syscalls.o
 .debug_aranges
                0x00000000       0x60 ..\obj\syscalls.o
 .debug_ranges  0x00000000       0x50 ..\obj\syscalls.o
 .debug_line    0x00000000      0x258 ..\obj\syscalls.o
 .debug_str     0x00000000      0x73c ..\obj\syscalls.o
 .comment       0x00000000       0x80 ..\obj\syscalls.o
 .debug_frame   0x00000000      0x168 ..\obj\syscalls.o
 .ARM.attributes
                0x00000000       0x33 ..\obj\syscalls.o
 .text          0x00000000        0x0 ..\obj\misc.o
 .data          0x00000000        0x0 ..\obj\misc.o
 .bss           0x00000000        0x0 ..\obj\misc.o
 .text.NVIC_PriorityGroupConfig
                0x00000000       0x24 ..\obj\misc.o
 .text.NVIC_SetVectorTable
                0x00000000       0x2c ..\obj\misc.o
 .text.NVIC_SystemLPConfig
                0x00000000       0x40 ..\obj\misc.o
 .text.SysTick_CLKSourceConfig
                0x00000000       0x38 ..\obj\misc.o

Memory Configuration

Name             Origin             Length             Attributes
rom              0x08000000         0x00020000         xr
ram              0x20000000         0x00005000         xrw
*default*        0x00000000         0xffffffff

Linker script and memory map

                0x20005000                _eram = 0x20005000

.text           0x08000000      0xd84
 *(.isr_vector)
 .isr_vector    0x08000000      0x10c ..\obj\startup_stm32f10x_md.o
                0x08000000                g_pfnVectors
 *(.text*)
 .text.TIM_TimeBaseInit
                0x0800010c       0xf8 ..\obj\stm32f10x_tim.o
                0x0800010c                TIM_TimeBaseInit
 .text.TIM_OC1Init
                0x08000204      0x118 ..\obj\stm32f10x_tim.o
                0x08000204                TIM_OC1Init
 .text.TIM_OC2Init
                0x0800031c      0x110 ..\obj\stm32f10x_tim.o
                0x0800031c                TIM_OC2Init
 .text.TIM_OC3Init
                0x0800042c      0x10c ..\obj\stm32f10x_tim.o
                0x0800042c                TIM_OC3Init
 .text.TIM_OC4Init
                0x08000538       0xd0 ..\obj\stm32f10x_tim.o
                0x08000538                TIM_OC4Init
 .text.TIM_TimeBaseStructInit
                0x08000608       0x32 ..\obj\stm32f10x_tim.o
                0x08000608                TIM_TimeBaseStructInit
 .text.TIM_Cmd  0x0800063a       0x3e ..\obj\stm32f10x_tim.o
                0x0800063a                TIM_Cmd
 .text.TIM_OC1PreloadConfig
                0x08000678       0x36 ..\obj\stm32f10x_tim.o
                0x08000678                TIM_OC1PreloadConfig
 .text.TIM_OC2PreloadConfig
                0x080006ae       0x3a ..\obj\stm32f10x_tim.o
                0x080006ae                TIM_OC2PreloadConfig
 .text.TIM_OC3PreloadConfig
                0x080006e8       0x36 ..\obj\stm32f10x_tim.o
                0x080006e8                TIM_OC3PreloadConfig
 .text.TIM_OC4PreloadConfig
                0x0800071e       0x3a ..\obj\stm32f10x_tim.o
                0x0800071e                TIM_OC4PreloadConfig
 .text.SystemInit
                0x08000758       0x68 ..\obj\system_stm32f10x.o
                0x08000758                SystemInit
 .text.SetSysClock
                0x080007c0        0xc ..\obj\system_stm32f10x.o
 .text.SetSysClockTo72
                0x080007cc      0x100 ..\obj\system_stm32f10x.o
 .text.Default_Reset_Handler
                0x080008cc       0x60 ..\obj\startup_stm32f10x_md.o
                0x080008cc                Default_Reset_Handler
                0x080008cc                Reset_Handler
 .text.Default_Handler
                0x0800092c        0x6 ..\obj\startup_stm32f10x_md.o
                0x0800092c                EXTI2_IRQHandler
                0x0800092c                DebugMon_Handler
                0x0800092c                TIM1_CC_IRQHandler
                0x0800092c                HardFault_Handler
                0x0800092c                SysTick_Handler
                0x0800092c                PVD_IRQHandler
                0x0800092c                PendSV_Handler
                0x0800092c                NMI_Handler
                0x0800092c                EXTI3_IRQHandler
                0x0800092c                EXTI0_IRQHandler
                0x0800092c                I2C2_EV_IRQHandler
                0x0800092c                UsageFault_Handler
                0x0800092c                ADC1_2_IRQHandler
                0x0800092c                SPI1_IRQHandler
                0x0800092c                TAMPER_IRQHandler
                0x0800092c                DMA1_Channel4_IRQHandler
                0x0800092c                USART3_IRQHandler
                0x0800092c                RTC_IRQHandler
                0x0800092c                DMA1_Channel7_IRQHandler
                0x0800092c                CAN1_RX1_IRQHandler
                0x0800092c                TIM4_IRQHandler
                0x0800092c                I2C1_EV_IRQHandler
                0x0800092c                DMA1_Channel6_IRQHandler
                0x0800092c                TIM3_IRQHandler
                0x0800092c                RCC_IRQHandler
                0x0800092c                TIM1_TRG_COM_IRQHandler
                0x0800092c                DMA1_Channel1_IRQHandler
                0x0800092c                EXTI15_10_IRQHandler
                0x0800092c                EXTI9_5_IRQHandler
                0x0800092c                SPI2_IRQHandler
                0x0800092c                MemManage_Handler
                0x0800092c                SVC_Handler
                0x0800092c                DMA1_Channel5_IRQHandler
                0x0800092c                EXTI4_IRQHandler
                0x0800092c                USB_LP_CAN1_RX0_IRQHandler
                0x0800092c                USB_HP_CAN1_TX_IRQHandler
                0x0800092c                DMA1_Channel3_IRQHandler
                0x0800092c                TIM1_UP_IRQHandler
                0x0800092c                WWDG_IRQHandler
                0x0800092c                TIM2_IRQHandler
                0x0800092c                TIM1_BRK_IRQHandler
                0x0800092c                EXTI1_IRQHandler
                0x0800092c                RTCAlarm_IRQHandler
                0x0800092c                USART2_IRQHandler
                0x0800092c                I2C2_ER_IRQHandler
                0x0800092c                DMA1_Channel2_IRQHandler
                0x0800092c                CAN1_SCE_IRQHandler
                0x0800092c                FLASH_IRQHandler
                0x0800092c                BusFault_Handler
                0x0800092c                USART1_IRQHandler
                0x0800092c                I2C1_ER_IRQHandler
                0x0800092c                USBWakeUp_IRQHandler
 .text.GPIO_Init
                0x08000932      0x178 ..\obj\stm32f10x_gpio.o
                0x08000932                GPIO_Init
 *fill*         0x08000aaa        0x2 
 .text.initPWM  0x08000aac       0xd8 ..\obj\main.o
                0x08000aac                initPWM
 .text.main     0x08000b84       0xc4 ..\obj\main.o
                0x08000b84                main
 .text.RCC_APB2PeriphClockCmd
                0x08000c48       0x3c ..\obj\stm32f10x_rcc.o
                0x08000c48                RCC_APB2PeriphClockCmd
 .text.RCC_APB1PeriphClockCmd
                0x08000c84       0x3c ..\obj\stm32f10x_rcc.o
                0x08000c84                RCC_APB1PeriphClockCmd
 .text.NVIC_Init
                0x08000cc0       0xc4 ..\obj\misc.o
                0x08000cc0                NVIC_Init
 *(.init)
 *(.fini)
 *crtbegin.o(.ctors)
 *crtbegin?.o(.ctors)
 *(EXCLUDE_FILE(*crtend.o *crtend?.o) .ctors)
 *(SORT_BY_NAME(.ctors.*))
 *(.ctors)
 *crtbegin.o(.dtors)
 *crtbegin?.o(.dtors)
 *(EXCLUDE_FILE(*crtend.o *crtend?.o) .dtors)
 *(SORT_BY_NAME(.dtors.*))
 *(.dtors)
 *(.rodata*)
 *(.eh_fram e*)

.glue_7         0x08000d84        0x0
 .glue_7        0x08000d84        0x0 linker stubs

.glue_7t        0x08000d84        0x0
 .glue_7t       0x08000d84        0x0 linker stubs

.vfp11_veneer   0x08000d84        0x0
 .vfp11_veneer  0x08000d84        0x0 linker stubs

.v4_bx          0x08000d84        0x0
 .v4_bx         0x08000d84        0x0 linker stubs

.iplt           0x08000d84        0x0
 .iplt          0x08000d84        0x0 ..\obj\stm32f10x_tim.o

.rel.dyn        0x08000d84        0x0
 .rel.iplt      0x08000d84        0x0 ..\obj\stm32f10x_tim.o

.ARM.extab
 *(.ARM.extab* .gnu.linkonce.armextab.*)
                0x08000d84                __exidx_start = .

.ARM.exidx
 *(.ARM.exidx* .gnu.linkonce.armexidx.*)
                0x08000d84                __exidx_end = .
                0x08000d84                __etext = .
                0x08000d84                _sidata = __etext

.data           0x20000000       0x14 load address 0x08000d84
                0x20000000                __data_start__ = .
                0x20000000                _sdata = __data_start__
 *(vtable)
 *(.data*)
 .data          0x20000000       0x14 ..\obj\system_stm32f10x.o
                0x20000000                SystemCoreClock
                0x20000004                AHBPrescTable
                0x20000014                . = ALIGN (0x4)
                [!provide]                PROVIDE (__preinit_array_start = .)
 *(.preinit_array)
                [!provide]                PROVIDE (__preinit_array_end = .)
                0x20000014                . = ALIGN (0x4)
                [!provide]                PROVIDE (__init_array_start = .)
 *(SORT_BY_NAME(.init_array.*))
 *(.init_array)
                [!provide]                PROVIDE (__init_array_end = .)
                0x20000014                . = ALIGN (0x4)
                [!provide]                PROVIDE (__fini_array_start = .)
 *(SORT_BY_NAME(.fini_array.*))
 *(.fini_array)
                [!provide]                PROVIDE (__fini_array_end = .)
 *(.jcr*)
                0x20000014                . = ALIGN (0x4)
                0x20000014                __data_end__ = .
                0x20000014                _edata = __data_end__

.igot.plt       0x20000014        0x0 load address 0x08000d98
 .igot.plt      0x20000014        0x0 ..\obj\stm32f10x_tim.o

.bss            0x20000014        0x0
                0x20000014                . = ALIGN (0x4)
                0x20000014                __bss_start__ = .
                0x20000014                _sbss = __bss_start__
 *(.bss*)
 *(COMMON)
                0x20000014                . = ALIGN (0x4)
                0x20000014                __bss_end__ = .
                0x20000014                _ebss = __bss_end__

.heap           0x20000014        0x0
                0x20000014                __end__ = .
                0x20000014                _end = __end__
                0x20000014                end = __end__
 *(.heap*)
                0x20000014                __HeapLimit = .

.co_stack       0x20000014      0x404 load address 0x08000d98
                0x20000018                . = ALIGN (0x8)
 *fill*         0x20000014        0x4 
 *(.co_stack .co_stack.*)
 .co_stack      0x20000018      0x400 ..\obj\startup_stm32f10x_md.o
                0x20000018                pulStack
                0x20005000                __StackTop = (ORIGIN (ram) + LENGTH (ram))
                0x20004bfc                __StackLimit = (__StackTop - SIZEOF (.co_stack))
                [!provide]                PROVIDE (__stack = __StackTop)
                0x00000001                ASSERT ((__StackLimit >= __HeapLimit), region ram  overflowed with stack)
LOAD ..\obj\stm32f10x_tim.o
LOAD ..\obj\system_stm32f10x.o
LOAD ..\obj\startup_stm32f10x_md.o
LOAD ..\obj\stm32f10x_gpio.o
LOAD ..\obj\main.o
LOAD ..\obj\stm32f10x_rcc.o
LOAD ..\obj\stm32f10x_exti.o
LOAD ..\obj\stm32f10x_usart.o
LOAD ..\obj\syscalls.o
LOAD ..\obj\misc.o
START GROUP
LOAD c:/coocox/coide/compiler/bin/../lib/gcc/arm-none-eabi/7.3.1/thumb/v7-m\libgcc.a
LOAD c:/coocox/coide/compiler/bin/../lib/gcc/arm-none-eabi/7.3.1/../../../../arm-none-eabi/lib/thumb/v7-m\libg.a
LOAD c:/coocox/coide/compiler/bin/../lib/gcc/arm-none-eabi/7.3.1/../../../../arm-none-eabi/lib/thumb/v7-m\libc.a
END GROUP
OUTPUT(TIM.elf elf32-littlearm)

.debug_info     0x00000000     0x3e7d
 .debug_info    0x00000000     0x1c66 ..\obj\stm32f10x_tim.o
 .debug_info    0x00001c66      0x4a1 ..\obj\system_stm32f10x.o
 .debug_info    0x00002107      0x10f ..\obj\startup_stm32f10x_md.o
 .debug_info    0x00002216      0x6fe ..\obj\stm32f10x_gpio.o
 .debug_info    0x00002914      0x774 ..\obj\main.o
 .debug_info    0x00003088      0x8ae ..\obj\stm32f10x_rcc.o
 .debug_info    0x00003936      0x547 ..\obj\misc.o

.debug_abbrev   0x00000000      0xa6b
 .debug_abbrev  0x00000000      0x1c5 ..\obj\stm32f10x_tim.o
 .debug_abbrev  0x000001c5      0x170 ..\obj\system_stm32f10x.o
 .debug_abbrev  0x00000335       0xb8 ..\obj\startup_stm32f10x_md.o
 .debug_abbrev  0x000003ed      0x1e1 ..\obj\stm32f10x_gpio.o
 .debug_abbrev  0x000005ce      0x158 ..\obj\main.o
 .debug_abbrev  0x00000726      0x1d1 ..\obj\stm32f10x_rcc.o
 .debug_abbrev  0x000008f7      0x174 ..\obj\misc.o

.debug_aranges  0x00000000      0x578
 .debug_aranges
                0x00000000      0x2f0 ..\obj\stm32f10x_tim.o
 .debug_aranges
                0x000002f0       0x38 ..\obj\system_stm32f10x.o
 .debug_aranges
                0x00000328       0x28 ..\obj\startup_stm32f10x_md.o
 .debug_aranges
                0x00000350       0xa8 ..\obj\stm32f10x_gpio.o
 .debug_aranges
                0x000003f8       0x28 ..\obj\main.o
 .debug_aranges
                0x00000420      0x118 ..\obj\stm32f10x_rcc.o
 .debug_aranges
                0x00000538       0x40 ..\obj\misc.o

.debug_ranges   0x00000000      0x508
 .debug_ranges  0x00000000      0x2e0 ..\obj\stm32f10x_tim.o
 .debug_ranges  0x000002e0       0x28 ..\obj\system_stm32f10x.o
 .debug_ranges  0x00000308       0x18 ..\obj\startup_stm32f10x_md.o
 .debug_ranges  0x00000320       0x98 ..\obj\stm32f10x_gpio.o
 .debug_ranges  0x000003b8       0x18 ..\obj\main.o
 .debug_ranges  0x000003d0      0x108 ..\obj\stm32f10x_rcc.o
 .debug_ranges  0x000004d8       0x30 ..\obj\misc.o

.debug_line     0x00000000     0x1bfa
 .debug_line    0x00000000      0xb76 ..\obj\stm32f10x_tim.o
 .debug_line    0x00000b76      0x220 ..\obj\system_stm32f10x.o
 .debug_line    0x00000d96       0xb5 ..\obj\startup_stm32f10x_md.o
 .debug_line    0x00000e4b      0x3f6 ..\obj\stm32f10x_gpio.o
 .debug_line    0x00001241      0x25d ..\obj\main.o
 .debug_line    0x0000149e      0x4f1 ..\obj\stm32f10x_rcc.o
 .debug_line    0x0000198f      0x26b ..\obj\misc.o

.debug_str      0x00000000     0x1c79
 .debug_str     0x00000000      0xd82 ..\obj\stm32f10x_tim.o
                                0xe45 (size before relaxing)
 .debug_str     0x00000d82      0x175 ..\obj\system_stm32f10x.o
                                0x347 (size before relaxing)
 .debug_str     0x00000ef7       0xd5 ..\obj\startup_stm32f10x_md.o
                                0x1b6 (size before relaxing)
 .debug_str     0x00000fcc      0x391 ..\obj\stm32f10x_gpio.o
                                0x581 (size before relaxing)
 .debug_str     0x0000135d      0x3b5 ..\obj\main.o
                                0x8bd (size before relaxing)
 .debug_str     0x00001712      0x3fb ..\obj\stm32f10x_rcc.o
                                0x682 (size before relaxing)
 .debug_str     0x00001b0d      0x16c ..\obj\misc.o
                                0x426 (size before relaxing)

.comment        0x00000000       0x7f
 .comment       0x00000000       0x7f ..\obj\stm32f10x_tim.o
                                 0x80 (size before relaxing)
 .comment       0x0000007f       0x80 ..\obj\system_stm32f10x.o
 .comment       0x0000007f       0x80 ..\obj\startup_stm32f10x_md.o
 .comment       0x0000007f       0x80 ..\obj\stm32f10x_gpio.o
 .comment       0x0000007f       0x80 ..\obj\main.o
 .comment       0x0000007f       0x80 ..\obj\stm32f10x_rcc.o
 .comment       0x0000007f       0x80 ..\obj\misc.o

.ARM.attributes
                0x00000000       0x33
 .ARM.attributes
                0x00000000       0x33 ..\obj\stm32f10x_tim.o
 .ARM.attributes
                0x00000033       0x33 ..\obj\system_stm32f10x.o
 .ARM.attributes
                0x00000066       0x33 ..\obj\startup_stm32f10x_md.o
 .ARM.attributes
                0x00000099       0x33 ..\obj\stm32f10x_gpio.o
 .ARM.attributes
                0x000000cc       0x33 ..\obj\main.o
 .ARM.attributes
                0x000000ff       0x33 ..\obj\stm32f10x_rcc.o
 .ARM.attributes
                0x00000132       0x33 ..\obj\misc.o

.debug_frame    0x00000000     0x1800
 .debug_frame   0x00000000      0xe2c ..\obj\stm32f10x_tim.o
 .debug_frame   0x00000e2c       0x98 ..\obj\system_stm32f10x.o
 .debug_frame   0x00000ec4       0x4c ..\obj\startup_stm32f10x_md.o
 .debug_frame   0x00000f10      0x2d0 ..\obj\stm32f10x_gpio.o
 .debug_frame   0x000011e0       0x54 ..\obj\main.o
 .debug_frame   0x00001234      0x4f4 ..\obj\stm32f10x_rcc.o
 .debug_frame   0x00001728       0xd8 ..\obj\misc.o
